
============================================================
  ≡ƒºá  Self-Thinking Problem Solver ΓÇö Test Suite
============================================================

ΓöÇΓöÇΓöÇ Test 1: Pattern Library ΓöÇΓöÇΓöÇ
  Γ£à 10 built-in patterns loaded
  Γ£à Search 'sort an array': found 2 matches
  Γ£à Search 'binary search': found match
  Γ£à Search 'graph BFS': found match
  Γ£à Search 'DP memoization': found match
  Γ£à Custom pattern stored (total: 11)
  Γ£à Pattern retrieved by name
  Γ£à Categories: {'array': 2, 'searching': 1, 'graph': 2, 'dynamic_programming': 1, 'sorting': 1, 'data_structure': 2, 'algorithm': 1, 'testing': 1}
Γ£à Pattern Library tests passed!

ΓöÇΓöÇΓöÇ Test 2: Complexity Analyzer ΓöÇΓöÇΓöÇ
  Γ£à O(1): Time: O(1), Space: O(1)
  Γ£à O(n): Time: O(n), Space: O(1)
  Γ£à O(n┬▓): Time: O(n┬▓), Space: O(1)
  Γ£à O(log n): Time: O(log n), Space: O(1)
  Γ£à Recursive O(2^n): Time: O(2^n), Space: O(n)
  Γ£à Data structures detected: ['List', 'Dict']
  Γ£à Optimization suggestions: ['Using a hash map could reduce O(n┬▓) lookups to O(n)', 'Look for sorting-based or two-pointer approaches to reduce complexity', "Use set() for O(1) membership checks instead of list 'in'"]
Γ£à Complexity Analyzer tests passed!

ΓöÇΓöÇΓöÇ Test 3: Self-Healer Detection ΓöÇΓöÇΓöÇ
  Γ£à Syntax error detected: '(' was never closed
  Γ£à Static analysis: eval() detected as security risk
  Γ£à Clean code has 0 critical errors (0 warnings)
  Γ£à Logic check: missing return detected for get_ function
Γ£à Self-Healer detection tests passed!

ΓöÇΓöÇΓöÇ Test 4: Evolver Fitness Scoring ΓöÇΓöÇΓöÇ
  Γ£à Good code fitness: 0.888
  Γ£à Bad code fitness: 0.050 (lower than good)
  Γ£à Empty code fitness: 0.000
  Γ£à Dangerous code fitness: 0.800
Γ£à Evolver fitness tests passed!

ΓöÇΓöÇΓöÇ Test 5: Test Generator ΓöÇΓöÇΓöÇ
  Γ£à Extracted 2 functions: ['add', 'is_palindrome']
  Γ£à Tests: 5/5 passed
  Γ£à Failure detection: correctly caught wrong expected output
Γ£à Test Generator tests passed!

ΓöÇΓöÇΓöÇ Test 6: Engine Parsing ΓöÇΓöÇΓöÇ
  Γ£à Parsed 3 sub-problems with dependencies
  Γ£à Parsed 2 logic steps with data structures
  Γ£à Code extraction from markdown blocks
  Γ£à Problem categorization working
  Γ£à Tag extraction: ['sort', 'search', 'array', 'recursion', 'binary']
Γ£à Engine parsing tests passed!

ΓöÇΓöÇΓöÇ Test 7: Confidence Calculation ΓöÇΓöÇΓöÇ
  Γ£à Good solution confidence: 0.95
  Γ£à Bad syntax confidence: 0.40 (lower)
  Γ£à No-tests confidence: 0.65 (lower)
Γ£à Confidence calculation tests passed!

============================================================
  ≡ƒÄë  ALL 7 SOLVER TESTS PASSED!
============================================================

