py : Traceback (most recent call 
last):
At line:1 char:1
+ py -3 tests/test_universal.py > 
tests/test_output.txt 2>&1
+ ~~~~~~~~~~~~~~~~~~~~~~~~~~~~~~~~~~~
~~~~~~~~~~~~~~~~~~~~~~~
    + CategoryInfo          : NotSpe 
   cified: (Traceback (most recent   
  call last)::String) [], RemoteEx   
 ception
    + FullyQualifiedErrorId : Native 
   CommandError
 
  File 
"C:\llm\tests\test_universal.py", 
line 417, in <module>
    test()
  File 
"C:\llm\tests\test_universal.py", 
line 58, in test_domain_router
    assert result.primary_domain == 
"creative", f"Expected 'creative', 
got '{result.primary_domain}'"
           
^^^^^^^^^^^^^^^^^^^^^^^^^^^^^^^^^^^
AssertionError: Expected 'creative', 
got 'business'
Traceback (most recent call last):
  File 
"C:\llm\tests\test_universal.py", 
line 417, in <module>
    test()
  File 
"C:\llm\tests\test_universal.py", 
line 72, in test_domain_experts
    EXPERTS = domains_mod.EXPERTS
              ^^^^^^^^^^^^^^^^^^^
AttributeError: module 
'agents.experts.domains' has no 
attribute 'EXPERTS'
Traceback (most recent call last):
  File 
"C:\llm\tests\test_universal.py", 
line 417, in <module>
    test()
  File 
"C:\llm\tests\test_universal.py", 
line 182, in test_calculator
    assert r["result"] == 212.0
           ~^^^^^^^^^^
KeyError: 'result'
Traceback (most recent call last):
  File 
"C:\llm\tests\test_universal.py", 
line 417, in <module>
    test()
  File 
"C:\llm\tests\test_universal.py", 
line 287, in test_task_planner
    tp_mod = importlib.import_module(
'agents.tools.task_planner')
             ^^^^^^^^^^^^^^^^^^^^^^^^
^^^^^^^^^^^^^^^^^^^^^^^^^^^^
  File "C:\Users\boopa\AppData\Local\
Programs\Python\Python311\Lib\importl
ib\__init__.py", line 126, in 
import_module
    return 
_bootstrap._gcd_import(name[level:], 
package, level)
           ^^^^^^^^^^^^^^^^^^^^^^^^^^
^^^^^^^^^^^^^^^^^^^^^^^^^^
  File "<frozen 
importlib._bootstrap>", line 1204, 
in _gcd_import
  File "<frozen 
importlib._bootstrap>", line 1176, 
in _find_and_load
  File "<frozen 
importlib._bootstrap>", line 1147, 
in _find_and_load_unlocked
  File "<frozen 
importlib._bootstrap>", line 690, in 
_load_unlocked
  File "<frozen 
importlib._bootstrap_external>", 
line 940, in exec_module
  File "<frozen 
importlib._bootstrap>", line 241, in 
_call_with_frames_removed
  File "C:\llm\agents\tools\task_plan
ner.py", line 76, in <module>
    class TaskPlanner:
  File "C:\llm\agents\tools\task_plan
ner.py", line 253, in TaskPlanner
    def get_progress(self, plan: 
Plan) -> Dict[str, Any]:
                                     
               ^^^
NameError: name 'Any' is not defined
Traceback (most recent call last):
  File 
"C:\llm\tests\test_universal.py", 
line 417, in <module>
    test()
  File 
"C:\llm\tests\test_universal.py", 
line 368, in test_response_formatter
    assert "TL;DR" in result
           ^^^^^^^^^^^^^^^^^
AssertionError
Γ¥î test_domain_router FAILED: Expected 'creative', got 'business'
Γ¥î test_domain_experts FAILED: module 'agents.experts.domains' has no attribute 'EXPERTS'
Γ£à test_persona_engine PASSED ΓÇö all personas and detection work
Γ£à test_advanced_reasoning PASSED ΓÇö all 4 strategies work
Γ¥î test_calculator FAILED: 'result'
Γ£à test_writing_assistant PASSED ΓÇö analysis, tone detection, and templates work
Γ£à test_data_analyzer PASSED ΓÇö CSV parsing, analysis, charts, groups all work
Γ¥î test_task_planner FAILED: name 'Any' is not defined
Γ¥î test_response_formatter FAILED: 
Γ£à test_knowledge_engine PASSED ΓÇö query type detection and templates work

==================================================
Results: 5 passed, 5 failed out of 10 tests
==================================================
